// Jest Snapshot v1, https://goo.gl/fbAQLP

exports[`TagDetails Container renders with children 1`] = `
<Router
  history={
    Object {
      "action": "POP",
      "block": [Function],
      "createHref": [Function],
      "go": [Function],
      "goBack": [Function],
      "goForward": [Function],
      "listen": [Function],
      "location": Object {
        "hash": "",
        "pathname": "/",
        "search": "",
        "state": undefined,
      },
      "push": [Function],
      "replace": [Function],
    }
  }
>
  <Connect(TagDetails)
    match={
      Object {
        "params": Object {
          "id": "1751295897__Odessa",
        },
      }
    }
  />
</Router>
`;
