// Jest Snapshot v1, https://goo.gl/fbAQLP

exports[`TagDetails component renders correctly with children 1`] = `
<div
  class="container tag-details"
>
  <button>
    Go Back
  </button>
  <h1>
    Odessa
  </h1>
  <h2>
    Total Mentions - 165
  </h2>
  <div
    class="tag-details_subwrap"
  >
    <h3
      class="tag-details_section_title"
    >
      Mentions per type
    </h3>
    <p
      class="tag-details_section_item_label"
    >
      negative
    </p>
    <div
      class="tag-details_section_item_graph"
      style="width:2%;background-color:#000000"
    />
    <p
      class="tag-details_section_item_value"
    >
      3
    </p>
    <p
      class="tag-details_section_item_label"
    >
      neutral
    </p>
    <div
      class="tag-details_section_item_graph"
      style="width:100%;background-color:#0000FF"
    />
    <p
      class="tag-details_section_item_value"
    >
      133
    </p>
    <p
      class="tag-details_section_item_label"
    >
      positive
    </p>
    <div
      class="tag-details_section_item_graph"
      style="width:21%;background-color:#FF00FF"
    />
    <p
      class="tag-details_section_item_value"
    >
      29
    </p>
    <h3
      class="tag-details_section_title"
    >
      Mentions per page
    </h3>
    <p
      class="tag-details_section_item_label"
    >
      blog
    </p>
    <div
      class="tag-details_section_item_graph"
      style="width:30%;background-color:#000000"
    />
    <p
      class="tag-details_section_item_value"
    >
      17
    </p>
    <p
      class="tag-details_section_item_label"
    >
      facebook
    </p>
    <div
      class="tag-details_section_item_graph"
      style="width:100%;background-color:#0000FF"
    />
    <p
      class="tag-details_section_item_value"
    >
      56
    </p>
    <p
      class="tag-details_section_item_label"
    >
      forum
    </p>
    <div
      class="tag-details_section_item_graph"
      style="width:39%;background-color:#FF00FF"
    />
    <p
      class="tag-details_section_item_value"
    >
      22
    </p>
    <p
      class="tag-details_section_item_label"
    >
      general
    </p>
    <div
      class="tag-details_section_item_graph"
      style="width:8%;background-color:#008000"
    />
    <p
      class="tag-details_section_item_value"
    >
      5
    </p>
    <p
      class="tag-details_section_item_label"
    >
      image
    </p>
    <div
      class="tag-details_section_item_graph"
      style="width:0%;background-color:#800000"
    />
    <p
      class="tag-details_section_item_value"
    >
      0
    </p>
    <p
      class="tag-details_section_item_label"
    >
      news
    </p>
    <div
      class="tag-details_section_item_graph"
      style="width:46%;background-color:#000080"
    />
    <p
      class="tag-details_section_item_value"
    >
      26
    </p>
    <p
      class="tag-details_section_item_label"
    >
      review
    </p>
    <div
      class="tag-details_section_item_graph"
      style="width:1%;background-color:#808000"
    />
    <p
      class="tag-details_section_item_value"
    >
      1
    </p>
    <p
      class="tag-details_section_item_label"
    >
      twitter
    </p>
    <div
      class="tag-details_section_item_graph"
      style="width:62%;background-color:#800080"
    />
    <p
      class="tag-details_section_item_value"
    >
      35
    </p>
    <p
      class="tag-details_section_item_label"
    >
      video
    </p>
    <div
      class="tag-details_section_item_graph"
      style="width:5%;background-color:#C0C0C0"
    />
    <p
      class="tag-details_section_item_value"
    >
      3
    </p>
  </div>
</div>
`;
